// Jest Snapshot v1, https://goo.gl/fbAQLP

exports[`test on fist app must to do match with sanpshot 1`] = `
<div>
  <h2>
    Hola, soy Daniel
  </h2>
  <h2>
    123
  </h2>
  <p>
    Dani
  </p>
</div>
`;
