// Jest Snapshot v1, https://goo.gl/fbAQLP

exports[`test on fist app must match with snapshop 1`] = `
<div>
  <h1
    data-testid="testData"
  >
    Hola, soy Daniel
  </h1>
  <h2>
    123
  </h2>
  <p>
    Dani
  </p>
</div>
`;
